// Jest Snapshot v1, https://goo.gl/fbAQLP

exports[`pruebas en <Navbar/> debe de mostrarse correctamente si el usuario esta logeado 1`] = `
<nav
  className="bg-gray-800"
>
  <div
    className="w-5/6 mx-auto px-2 sm:px-6 lg:px-8"
  >
    <div
      className="relative flex items-center justify-between h-16"
    >
      <div
        className="absolute inset-y-0 left-0 flex items-center sm:hidden"
      >
        <button
          aria-expanded="false"
          className="inline-flex items-center justify-center p-2 rounded-md text-gray-400 hover:text-white hover:bg-gray-700 focus:outline-none focus:ring-2 focus:ring-inset focus:ring-white"
        >
          <span
            className="sr-only"
          >
            Open main menu
          </span>
          <svg
            aria-hidden="true"
            className="block h-6 w-6"
            fill="none"
            stroke="currentColor"
            viewBox="0 0 24 24"
            xmlns="http://www.w3.org/2000/svg"
          >
            <path
              d="M4 6h16M4 12h16M4 18h16"
              strokeLinecap="round"
              strokeLinejoin="round"
              strokeWidth="2"
            />
          </svg>
          <svg
            aria-hidden="true"
            className="hidden h-6 w-6"
            fill="none"
            stroke="currentColor"
            viewBox="0 0 24 24"
            xmlns="http://www.w3.org/2000/svg"
          >
            <path
              d="M6 18L18 6M6 6l12 12"
              strokeLinecap="round"
              strokeLinejoin="round"
              strokeWidth="2"
            />
          </svg>
        </button>
      </div>
      <div
        className="flex items-center justify-center sm:items-stretch sm:justify-start"
      >
        <div
          className="flex-shrink-0 flex "
        >
          <a
            className="flex items-center text-gray-300 hover:text-white mr-4 border-r px-4 gap-2 border-gray-600"
            onClick={[Function]}
          >
            <svg
              className="w-6 h-6 rounded-full"
              fill="none"
              stroke="currentColor"
              strokeLinecap="round"
              strokeLinejoin="round"
              strokeWidth="2"
              viewBox="0 0 24 24"
              xmlns="http://www.w3.org/2000/svg"
            >
              <path
                d="M12 2L2 7l10 5 10-5-10-5zM2 17l10 5 10-5M2 12l10 5 10-5"
              />
            </svg>
            <span
              className="font-medium "
            >
              Heroes App
            </span>
          </a>
        </div>
        <div
          className="flex items-center space-x-4"
        >
          <a
            aria-current={null}
            className="text-gray-300 hover:text-white px-3 py-2 rounded-md text-sm font-medium"
            onClick={[Function]}
          >
            Marvel
          </a>
          <a
            aria-current={null}
            className="text-gray-300 hover:text-white px-3 py-2 rounded-md text-sm font-medium"
            onClick={[Function]}
          >
            Dc
          </a>
          <a
            aria-current={null}
            className="text-gray-300 hover:text-white px-3 py-2 rounded-md text-sm font-medium"
            onClick={[Function]}
          >
            Search
          </a>
        </div>
      </div>
      <div
        className="absolute inset-y-0 right-0 flex items-center pr-2 sm:static sm:inset-auto sm:ml-6 sm:pr-0"
      >
        <button
          className="bg-gray-800 p-1 rounded-full text-gray-400 hover:text-white focus:outline-none focus:ring-2 focus:ring-offset-2 focus:ring-offset-gray-800 focus:ring-white"
        >
          <span
            className="sr-only"
          >
            View notifications
          </span>
          <svg
            aria-hidden="true"
            className="h-6 w-6"
            fill="none"
            stroke="currentColor"
            viewBox="0 0 24 24"
            xmlns="http://www.w3.org/2000/svg"
          >
            <path
              d="M15 17h5l-1.405-1.405A2.032 2.032 0 0118 14.158V11a6.002 6.002 0 00-4-5.659V5a2 2 0 10-4 0v.341C7.67 6.165 6 8.388 6 11v3.159c0 .538-.214 1.055-.595 1.436L4 17h5m6 0v1a3 3 0 11-6 0v-1m6 0H9"
              strokeLinecap="round"
              strokeLinejoin="round"
              strokeWidth="2"
            />
          </svg>
        </button>
        <p
          className="mx-2 text-gray-200 font-bold"
        >
          juanito
        </p>
        <div
          className="ml-3 relative"
        >
          <button
            aria-haspopup="true"
            className="bg-gray-800  flex text-sm rounded-full focus:outline-none  transition duration-150 ease-in-out"
            id="user-menu"
            onClick={[Function]}
          >
            <svg
              className="h-7 w-7 rounded-full text-gray-300"
              fill="currentColor"
              viewBox="0 0 20 20"
              xmlns="http://www.w3.org/2000/svg"
            >
              <path
                clipRule="evenodd"
                d="M3 3a1 1 0 011 1v12a1 1 0 11-2 0V4a1 1 0 011-1zm7.707 3.293a1 1 0 010 1.414L9.414 9H17a1 1 0 110 2H9.414l1.293 1.293a1 1 0 01-1.414 1.414l-3-3a1 1 0 010-1.414l3-3a1 1 0 011.414 0z"
                fillRule="evenodd"
              />
            </svg>
          </button>
          <div
            aria-labelledby="user-menu"
            aria-orientation="vertical"
            className="hidden origin-top-right absolute right-0 mt-2 w-48 rounded-md shadow-lg py-1 bg-white ring-1 ring-black ring-opacity-5"
            role="menu"
          >
            <button
              className="block px-4 py-2 text-sm text-gray-700 hover:bg-gray-100 w-full focus:outline-none"
              onClick={[Function]}
              role="menuitem"
            >
              Logout
            </button>
          </div>
        </div>
      </div>
    </div>
  </div>
</nav>
`;
